// WARNING: This file is machine generated by fidlc.

#include <lib/fidl/internal.h>


extern const fidl_type_t fidl_test_json_StrictBitsTable;
extern const fidl_type_t fidl_test_json_MyBitsTable;



const fidl_type_t fidl_test_json_StrictBitsTable = {.type_tag=kFidlTypeBits, {.coded_bits={.underlying_type=kFidlCodedPrimitive_Uint64, .mask=9223372036854775809ul, .name="fidl.test.json/StrictBits"}}};

const fidl_type_t fidl_test_json_MyBitsTable = {.type_tag=kFidlTypeBits, {.coded_bits={.underlying_type=kFidlCodedPrimitive_Uint32, .mask=3ul, .name="fidl.test.json/MyBits"}}};

