// WARNING: This file is machine generated by fidlc.

#include <lib/fidl/internal.h>


extern const fidl_type_t fidl_test_json_EmptyTable;


extern const fidl_type_t fidl_test_json_EmptyProtocolSendRequestTable;
static const struct FidlStructField Fields39fidl_test_json_EmptyProtocolSendRequest[] = {
    /*FidlStructField*/{.type=&fidl_test_json_EmptyTable, .offset=16u, .padding=7u}
};
const fidl_type_t fidl_test_json_EmptyProtocolSendRequestTable = {.type_tag=kFidlTypeStruct, {.coded_struct={.fields=Fields39fidl_test_json_EmptyProtocolSendRequest, .field_count=1u, .size=24u, .name="fidl.test.json/EmptyProtocolSendRequest"}}};

extern const fidl_type_t fidl_test_json_EmptyProtocolReceiveEventTable;
static const struct FidlStructField Fields40fidl_test_json_EmptyProtocolReceiveEvent[] = {
    /*FidlStructField*/{.type=&fidl_test_json_EmptyTable, .offset=16u, .padding=7u}
};
const fidl_type_t fidl_test_json_EmptyProtocolReceiveEventTable = {.type_tag=kFidlTypeStruct, {.coded_struct={.fields=Fields40fidl_test_json_EmptyProtocolReceiveEvent, .field_count=1u, .size=24u, .name="fidl.test.json/EmptyProtocolReceiveEvent"}}};

extern const fidl_type_t fidl_test_json_EmptyProtocolSendAndReceiveRequestTable;
static const struct FidlStructField Fields49fidl_test_json_EmptyProtocolSendAndReceiveRequest[] = {
    /*FidlStructField*/{.type=&fidl_test_json_EmptyTable, .offset=16u, .padding=7u}
};
const fidl_type_t fidl_test_json_EmptyProtocolSendAndReceiveRequestTable = {.type_tag=kFidlTypeStruct, {.coded_struct={.fields=Fields49fidl_test_json_EmptyProtocolSendAndReceiveRequest, .field_count=1u, .size=24u, .name="fidl.test.json/EmptyProtocolSendAndReceiveRequest"}}};

extern const fidl_type_t fidl_test_json_EmptyProtocolSendAndReceiveResponseTable;
static const struct FidlStructField Fields50fidl_test_json_EmptyProtocolSendAndReceiveResponse[] = {
    /*FidlStructField*/{.type=&fidl_test_json_EmptyTable, .offset=16u, .padding=7u}
};
const fidl_type_t fidl_test_json_EmptyProtocolSendAndReceiveResponseTable = {.type_tag=kFidlTypeStruct, {.coded_struct={.fields=Fields50fidl_test_json_EmptyProtocolSendAndReceiveResponse, .field_count=1u, .size=24u, .name="fidl.test.json/EmptyProtocolSendAndReceiveResponse"}}};


static const struct FidlStructField Fields20fidl_test_json_Empty[] = {};
const fidl_type_t fidl_test_json_EmptyTable = {.type_tag=kFidlTypeStruct, {.coded_struct={.fields=Fields20fidl_test_json_Empty, .field_count=0u, .size=1u, .name="fidl.test.json/Empty"}}};

