// WARNING: This file is machine generated by fidlc.

#include <lib/fidl/internal.h>


extern const fidl_type_t escapeme_DocCommentWithQuotesTable;



static const struct FidlStructField Fields29escapeme_DocCommentWithQuotes[] = {};
const fidl_type_t escapeme_DocCommentWithQuotesTable = {.type_tag=kFidlTypeStruct, {.coded_struct={.fields=Fields29escapeme_DocCommentWithQuotes, .field_count=0u, .size=1u, .name="escapeme/DocCommentWithQuotes"}}};

