// WARNING: This file is machine generated by fidlc.

#include <lib/fidl/internal.h>




static const fidl_type_t Request21fidl_test_json_ParentnonnullableTable = {.type_tag=kFidlTypeHandle, {.coded_handle={.handle_subtype=ZX_OBJ_TYPE_CHANNEL, .nullable=kFidlNullability_Nonnullable}}};

extern const fidl_type_t fidl_test_json_ParentFirstRequestTable;
static const struct FidlStructField Fields33fidl_test_json_ParentFirstRequest[] = {
    /*FidlStructField*/{.type=&Request21fidl_test_json_ParentnonnullableTable, .offset=16u, .padding=4u}
};
const fidl_type_t fidl_test_json_ParentFirstRequestTable = {.type_tag=kFidlTypeStruct, {.coded_struct={.fields=Fields33fidl_test_json_ParentFirstRequest, .field_count=1u, .size=24u, .name="fidl.test.json/ParentFirstRequest"}}};

extern const fidl_type_t fidl_test_json_ChildFirstRequestTable;
static const struct FidlStructField Fields32fidl_test_json_ChildFirstRequest[] = {
    /*FidlStructField*/{.type=&Request21fidl_test_json_ParentnonnullableTable, .offset=16u, .padding=4u}
};
const fidl_type_t fidl_test_json_ChildFirstRequestTable = {.type_tag=kFidlTypeStruct, {.coded_struct={.fields=Fields32fidl_test_json_ChildFirstRequest, .field_count=1u, .size=24u, .name="fidl.test.json/ChildFirstRequest"}}};

extern const fidl_type_t fidl_test_json_ChildSecondRequestTable;
static const struct FidlStructField Fields33fidl_test_json_ChildSecondRequest[] = {
    /*FidlStructField*/{.type=&Request21fidl_test_json_ParentnonnullableTable, .offset=16u, .padding=4u}
};
const fidl_type_t fidl_test_json_ChildSecondRequestTable = {.type_tag=kFidlTypeStruct, {.coded_struct={.fields=Fields33fidl_test_json_ChildSecondRequest, .field_count=1u, .size=24u, .name="fidl.test.json/ChildSecondRequest"}}};


