// WARNING: This file is machine generated by fidlc.

#include <lib/fidl/internal.h>




static const fidl_type_t String4294967295nonnullableTable = {.type_tag=kFidlTypeString, {.coded_string={.max_size=4294967295u, .nullable=kFidlNullability_Nonnullable}}};

extern const fidl_type_t fidl_test_json_superfooRequestTable;
static const struct FidlStructField Fields30fidl_test_json_superfooRequest[] = {
    /*FidlStructField*/{.type=&String4294967295nonnullableTable, .offset=16u, .padding=0u}
};
const fidl_type_t fidl_test_json_superfooRequestTable = {.type_tag=kFidlTypeStruct, {.coded_struct={.fields=Fields30fidl_test_json_superfooRequest, .field_count=1u, .size=32u, .name="fidl.test.json/superfooRequest"}}};

extern const fidl_type_t fidl_test_json_superfooResponseTable;
static const struct FidlStructField Fields31fidl_test_json_superfooResponse[] = {
    /*FidlStructField*/{.type=NULL, .padding_offset=24u, .padding=0u}
};
const fidl_type_t fidl_test_json_superfooResponseTable = {.type_tag=kFidlTypeStruct, {.coded_struct={.fields=Fields31fidl_test_json_superfooResponse, .field_count=1u, .size=24u, .name="fidl.test.json/superfooResponse"}}};

extern const fidl_type_t fidl_test_json_subfooRequestTable;
static const struct FidlStructField Fields28fidl_test_json_subfooRequest[] = {
    /*FidlStructField*/{.type=&String4294967295nonnullableTable, .offset=16u, .padding=0u}
};
const fidl_type_t fidl_test_json_subfooRequestTable = {.type_tag=kFidlTypeStruct, {.coded_struct={.fields=Fields28fidl_test_json_subfooRequest, .field_count=1u, .size=32u, .name="fidl.test.json/subfooRequest"}}};

extern const fidl_type_t fidl_test_json_subfooResponseTable;
static const struct FidlStructField Fields29fidl_test_json_subfooResponse[] = {
    /*FidlStructField*/{.type=NULL, .padding_offset=24u, .padding=0u}
};
const fidl_type_t fidl_test_json_subfooResponseTable = {.type_tag=kFidlTypeStruct, {.coded_struct={.fields=Fields29fidl_test_json_subfooResponse, .field_count=1u, .size=24u, .name="fidl.test.json/subfooResponse"}}};


