// WARNING: This file is machine generated by fidlc.

#include <lib/fidl/internal.h>


extern const fidl_type_t exampleusing_EmptyTable;
extern const fidl_type_t example_ExampleXUnionTable;
extern const fidl_type_t example_ExampleXUnionNullableRefTable;
extern const fidl_type_t example_ExampleUnionTable;
extern const fidl_type_t example_ExampleUnionNullableRefTable;
extern const fidl_type_t example_ExampleTableTable;
extern const fidl_type_t example_ExampleStructTable;
extern const fidl_type_t example_ExampleEnumTable;
extern const fidl_type_t example_ExampleBitsTable;


extern const fidl_type_t example_ExampleProtocolMethodRequestTable;
static const struct FidlStructField Fields36example_ExampleProtocolMethodRequest[] = {
    /*FidlStructField*/{.type=&exampleusing_EmptyTable, .offset=16u, .padding=7u}
};
const fidl_type_t example_ExampleProtocolMethodRequestTable = {.type_tag=kFidlTypeStruct, {.coded_struct={.fields=Fields36example_ExampleProtocolMethodRequest, .field_count=1u, .size=24u, .name="example/ExampleProtocolMethodRequest"}}};


static const struct FidlXUnionField Fields21example_ExampleXUnion[] = {
    /*FidlXUnionField*/{.type=&fidl_internal_kUint32Table, .ordinal=1u}
};
const fidl_type_t example_ExampleXUnionTable = {.type_tag=kFidlTypeXUnion, {.coded_xunion={.field_count=1u, .fields=Fields21example_ExampleXUnion, .nullable=kFidlNullability_Nonnullable, .name="example/ExampleXUnion", .strictness=kFidlStrictness_Flexible}}};
static const struct FidlXUnionField Fields32example_ExampleXUnionNullableRef[] = {
    /*FidlXUnionField*/{.type=&fidl_internal_kUint32Table, .ordinal=1u}
};
const fidl_type_t example_ExampleXUnionNullableRefTable = {.type_tag=kFidlTypeXUnion, {.coded_xunion={.field_count=1u, .fields=Fields32example_ExampleXUnionNullableRef, .nullable=kFidlNullability_Nullable, .name="example/ExampleXUnion", .strictness=kFidlStrictness_Flexible}}};
static const struct FidlXUnionField Fields20example_ExampleUnion[] = {
    /*FidlXUnionField*/{.type=&fidl_internal_kUint32Table, .ordinal=1u}
};
const fidl_type_t example_ExampleUnionTable = {.type_tag=kFidlTypeXUnion, {.coded_xunion={.field_count=1u, .fields=Fields20example_ExampleUnion, .nullable=kFidlNullability_Nonnullable, .name="example/ExampleUnion", .strictness=kFidlStrictness_Strict}}};
static const struct FidlXUnionField Fields31example_ExampleUnionNullableRef[] = {
    /*FidlXUnionField*/{.type=&fidl_internal_kUint32Table, .ordinal=1u}
};
const fidl_type_t example_ExampleUnionNullableRefTable = {.type_tag=kFidlTypeXUnion, {.coded_xunion={.field_count=1u, .fields=Fields31example_ExampleUnionNullableRef, .nullable=kFidlNullability_Nullable, .name="example/ExampleUnion", .strictness=kFidlStrictness_Strict}}};
static const struct FidlTableField Fields20example_ExampleTable[] = {
    /*FidlTableField*/{.type=&fidl_internal_kUint32Table, .ordinal=1u}
};
const fidl_type_t example_ExampleTableTable = {.type_tag=kFidlTypeTable, {.coded_table={.fields=Fields20example_ExampleTable, .field_count=1u, .name="example/ExampleTable"}}};

static const struct FidlStructField Fields21example_ExampleStruct[] = {
    /*FidlStructField*/{.type=NULL, .padding_offset=4u, .padding=0u}
};
const fidl_type_t example_ExampleStructTable = {.type_tag=kFidlTypeStruct, {.coded_struct={.fields=Fields21example_ExampleStruct, .field_count=1u, .size=4u, .name="example/ExampleStruct"}}};

static bool EnumValidatorFor_example_ExampleEnum(uint64_t v) { return (v == 1ul) || false; }
const fidl_type_t example_ExampleEnumTable = {.type_tag=kFidlTypeEnum, {.coded_enum={.underlying_type=kFidlCodedPrimitive_Uint32, .validate=&EnumValidatorFor_example_ExampleEnum, .name="example/ExampleEnum"}}};

const fidl_type_t example_ExampleBitsTable = {.type_tag=kFidlTypeBits, {.coded_bits={.underlying_type=kFidlCodedPrimitive_Uint32, .mask=1ul, .name="example/ExampleBits"}}};

