// WARNING: This file is machine generated by fidlc.

#include <lib/fidl/internal.h>


extern const fidl_type_t test_name_WithErrorSyntax_ResponseAsStruct_ResponseTable;
extern const fidl_type_t test_name_WithErrorSyntax_ResponseAsStruct_ResultTable;
extern const fidl_type_t test_name_WithErrorSyntax_ResponseAsStruct_ResultNullableRefTable;
extern const fidl_type_t test_name_WithErrorSyntax_ErrorAsPrimitive_ResponseTable;
extern const fidl_type_t test_name_WithErrorSyntax_ErrorAsPrimitive_ResultTable;
extern const fidl_type_t test_name_WithErrorSyntax_ErrorAsPrimitive_ResultNullableRefTable;
extern const fidl_type_t test_name_WithErrorSyntax_ErrorAsEnum_ResponseTable;
extern const fidl_type_t test_name_ErrorEnunTable;
extern const fidl_type_t test_name_WithErrorSyntax_ErrorAsEnum_ResultTable;
extern const fidl_type_t test_name_WithErrorSyntax_ErrorAsEnum_ResultNullableRefTable;


extern const fidl_type_t test_name_ChannelProtocolMethodARequestTable;
static const struct FidlStructField Fields39test_name_ChannelProtocolMethodARequest[] = {
    /*FidlStructField*/{.type=NULL, .padding_offset=24u, .padding=0u},
    /*FidlStructField*/{.type=NULL, .padding_offset=32u, .padding=0u}
};
const fidl_type_t test_name_ChannelProtocolMethodARequestTable = {.type_tag=kFidlTypeStruct, {.coded_struct={.fields=Fields39test_name_ChannelProtocolMethodARequest, .field_count=2u, .size=32u, .name="test.name/ChannelProtocolMethodARequest"}}};

extern const fidl_type_t test_name_ChannelProtocolEventAEventTable;
static const struct FidlStructField Fields36test_name_ChannelProtocolEventAEvent[] = {
    /*FidlStructField*/{.type=NULL, .padding_offset=24u, .padding=0u},
    /*FidlStructField*/{.type=NULL, .padding_offset=32u, .padding=0u}
};
const fidl_type_t test_name_ChannelProtocolEventAEventTable = {.type_tag=kFidlTypeStruct, {.coded_struct={.fields=Fields36test_name_ChannelProtocolEventAEvent, .field_count=2u, .size=32u, .name="test.name/ChannelProtocolEventAEvent"}}};

extern const fidl_type_t test_name_ChannelProtocolMethodBRequestTable;
static const struct FidlStructField Fields39test_name_ChannelProtocolMethodBRequest[] = {
    /*FidlStructField*/{.type=NULL, .padding_offset=24u, .padding=0u},
    /*FidlStructField*/{.type=NULL, .padding_offset=32u, .padding=0u}
};
const fidl_type_t test_name_ChannelProtocolMethodBRequestTable = {.type_tag=kFidlTypeStruct, {.coded_struct={.fields=Fields39test_name_ChannelProtocolMethodBRequest, .field_count=2u, .size=32u, .name="test.name/ChannelProtocolMethodBRequest"}}};

extern const fidl_type_t test_name_ChannelProtocolMethodBResponseTable;
static const struct FidlStructField Fields40test_name_ChannelProtocolMethodBResponse[] = {
    /*FidlStructField*/{.type=NULL, .padding_offset=24u, .padding=0u}
};
const fidl_type_t test_name_ChannelProtocolMethodBResponseTable = {.type_tag=kFidlTypeStruct, {.coded_struct={.fields=Fields40test_name_ChannelProtocolMethodBResponse, .field_count=1u, .size=24u, .name="test.name/ChannelProtocolMethodBResponse"}}};

static const fidl_type_t HandlesocketnonnullableTable = {.type_tag=kFidlTypeHandle, {.coded_handle={.handle_subtype=ZX_OBJ_TYPE_SOCKET, .handle_rights=2147483648u, .nullable=kFidlNullability_Nonnullable}}};

extern const fidl_type_t test_name_ChannelProtocolMutateSocketRequestTable;
static const struct FidlStructField Fields44test_name_ChannelProtocolMutateSocketRequest[] = {
    /*FidlStructField*/{.type=&HandlesocketnonnullableTable, .offset=16u, .padding=4u}
};
const fidl_type_t test_name_ChannelProtocolMutateSocketRequestTable = {.type_tag=kFidlTypeStruct, {.coded_struct={.fields=Fields44test_name_ChannelProtocolMutateSocketRequest, .field_count=1u, .size=24u, .name="test.name/ChannelProtocolMutateSocketRequest"}}};

extern const fidl_type_t test_name_ChannelProtocolMutateSocketResponseTable;
static const struct FidlStructField Fields45test_name_ChannelProtocolMutateSocketResponse[] = {
    /*FidlStructField*/{.type=&HandlesocketnonnullableTable, .offset=16u, .padding=4u}
};
const fidl_type_t test_name_ChannelProtocolMutateSocketResponseTable = {.type_tag=kFidlTypeStruct, {.coded_struct={.fields=Fields45test_name_ChannelProtocolMutateSocketResponse, .field_count=1u, .size=24u, .name="test.name/ChannelProtocolMutateSocketResponse"}}};

extern const fidl_type_t test_name_WithAndWithoutRequestResponseNoRequestNoResponseRequestTable;
static const struct FidlStructField Fields65test_name_WithAndWithoutRequestResponseNoRequestNoResponseRequest[] = {};
const fidl_type_t test_name_WithAndWithoutRequestResponseNoRequestNoResponseRequestTable = {.type_tag=kFidlTypeStruct, {.coded_struct={.fields=Fields65test_name_WithAndWithoutRequestResponseNoRequestNoResponseRequest, .field_count=0u, .size=16u, .name="test.name/WithAndWithoutRequestResponseNoRequestNoResponseRequest"}}};

extern const fidl_type_t test_name_WithAndWithoutRequestResponseNoRequestEmptyResponseRequestTable;
static const struct FidlStructField Fields68test_name_WithAndWithoutRequestResponseNoRequestEmptyResponseRequest[] = {};
const fidl_type_t test_name_WithAndWithoutRequestResponseNoRequestEmptyResponseRequestTable = {.type_tag=kFidlTypeStruct, {.coded_struct={.fields=Fields68test_name_WithAndWithoutRequestResponseNoRequestEmptyResponseRequest, .field_count=0u, .size=16u, .name="test.name/WithAndWithoutRequestResponseNoRequestEmptyResponseRequest"}}};

extern const fidl_type_t test_name_WithAndWithoutRequestResponseNoRequestEmptyResponseResponseTable;
static const struct FidlStructField Fields69test_name_WithAndWithoutRequestResponseNoRequestEmptyResponseResponse[] = {};
const fidl_type_t test_name_WithAndWithoutRequestResponseNoRequestEmptyResponseResponseTable = {.type_tag=kFidlTypeStruct, {.coded_struct={.fields=Fields69test_name_WithAndWithoutRequestResponseNoRequestEmptyResponseResponse, .field_count=0u, .size=16u, .name="test.name/WithAndWithoutRequestResponseNoRequestEmptyResponseResponse"}}};

extern const fidl_type_t test_name_WithAndWithoutRequestResponseNoRequestWithResponseRequestTable;
static const struct FidlStructField Fields67test_name_WithAndWithoutRequestResponseNoRequestWithResponseRequest[] = {};
const fidl_type_t test_name_WithAndWithoutRequestResponseNoRequestWithResponseRequestTable = {.type_tag=kFidlTypeStruct, {.coded_struct={.fields=Fields67test_name_WithAndWithoutRequestResponseNoRequestWithResponseRequest, .field_count=0u, .size=16u, .name="test.name/WithAndWithoutRequestResponseNoRequestWithResponseRequest"}}};

static const fidl_type_t String4294967295nonnullableTable = {.type_tag=kFidlTypeString, {.coded_string={.max_size=4294967295u, .nullable=kFidlNullability_Nonnullable}}};

extern const fidl_type_t test_name_WithAndWithoutRequestResponseNoRequestWithResponseResponseTable;
static const struct FidlStructField Fields68test_name_WithAndWithoutRequestResponseNoRequestWithResponseResponse[] = {
    /*FidlStructField*/{.type=&String4294967295nonnullableTable, .offset=16u, .padding=0u}
};
const fidl_type_t test_name_WithAndWithoutRequestResponseNoRequestWithResponseResponseTable = {.type_tag=kFidlTypeStruct, {.coded_struct={.fields=Fields68test_name_WithAndWithoutRequestResponseNoRequestWithResponseResponse, .field_count=1u, .size=32u, .name="test.name/WithAndWithoutRequestResponseNoRequestWithResponseResponse"}}};

extern const fidl_type_t test_name_WithAndWithoutRequestResponseWithRequestNoResponseRequestTable;
static const struct FidlStructField Fields67test_name_WithAndWithoutRequestResponseWithRequestNoResponseRequest[] = {
    /*FidlStructField*/{.type=&String4294967295nonnullableTable, .offset=16u, .padding=0u}
};
const fidl_type_t test_name_WithAndWithoutRequestResponseWithRequestNoResponseRequestTable = {.type_tag=kFidlTypeStruct, {.coded_struct={.fields=Fields67test_name_WithAndWithoutRequestResponseWithRequestNoResponseRequest, .field_count=1u, .size=32u, .name="test.name/WithAndWithoutRequestResponseWithRequestNoResponseRequest"}}};

extern const fidl_type_t test_name_WithAndWithoutRequestResponseWithRequestEmptyResponseRequestTable;
static const struct FidlStructField Fields70test_name_WithAndWithoutRequestResponseWithRequestEmptyResponseRequest[] = {
    /*FidlStructField*/{.type=&String4294967295nonnullableTable, .offset=16u, .padding=0u}
};
const fidl_type_t test_name_WithAndWithoutRequestResponseWithRequestEmptyResponseRequestTable = {.type_tag=kFidlTypeStruct, {.coded_struct={.fields=Fields70test_name_WithAndWithoutRequestResponseWithRequestEmptyResponseRequest, .field_count=1u, .size=32u, .name="test.name/WithAndWithoutRequestResponseWithRequestEmptyResponseRequest"}}};

extern const fidl_type_t test_name_WithAndWithoutRequestResponseWithRequestEmptyResponseResponseTable;
static const struct FidlStructField Fields71test_name_WithAndWithoutRequestResponseWithRequestEmptyResponseResponse[] = {};
const fidl_type_t test_name_WithAndWithoutRequestResponseWithRequestEmptyResponseResponseTable = {.type_tag=kFidlTypeStruct, {.coded_struct={.fields=Fields71test_name_WithAndWithoutRequestResponseWithRequestEmptyResponseResponse, .field_count=0u, .size=16u, .name="test.name/WithAndWithoutRequestResponseWithRequestEmptyResponseResponse"}}};

extern const fidl_type_t test_name_WithAndWithoutRequestResponseWithRequestWithResponseRequestTable;
static const struct FidlStructField Fields69test_name_WithAndWithoutRequestResponseWithRequestWithResponseRequest[] = {
    /*FidlStructField*/{.type=&String4294967295nonnullableTable, .offset=16u, .padding=0u}
};
const fidl_type_t test_name_WithAndWithoutRequestResponseWithRequestWithResponseRequestTable = {.type_tag=kFidlTypeStruct, {.coded_struct={.fields=Fields69test_name_WithAndWithoutRequestResponseWithRequestWithResponseRequest, .field_count=1u, .size=32u, .name="test.name/WithAndWithoutRequestResponseWithRequestWithResponseRequest"}}};

extern const fidl_type_t test_name_WithAndWithoutRequestResponseWithRequestWithResponseResponseTable;
static const struct FidlStructField Fields70test_name_WithAndWithoutRequestResponseWithRequestWithResponseResponse[] = {
    /*FidlStructField*/{.type=&String4294967295nonnullableTable, .offset=16u, .padding=0u}
};
const fidl_type_t test_name_WithAndWithoutRequestResponseWithRequestWithResponseResponseTable = {.type_tag=kFidlTypeStruct, {.coded_struct={.fields=Fields70test_name_WithAndWithoutRequestResponseWithRequestWithResponseResponse, .field_count=1u, .size=32u, .name="test.name/WithAndWithoutRequestResponseWithRequestWithResponseResponse"}}};

extern const fidl_type_t test_name_WithAndWithoutRequestResponseOnEmptyResponseEventTable;
static const struct FidlStructField Fields59test_name_WithAndWithoutRequestResponseOnEmptyResponseEvent[] = {};
const fidl_type_t test_name_WithAndWithoutRequestResponseOnEmptyResponseEventTable = {.type_tag=kFidlTypeStruct, {.coded_struct={.fields=Fields59test_name_WithAndWithoutRequestResponseOnEmptyResponseEvent, .field_count=0u, .size=16u, .name="test.name/WithAndWithoutRequestResponseOnEmptyResponseEvent"}}};

extern const fidl_type_t test_name_WithAndWithoutRequestResponseOnWithResponseEventTable;
static const struct FidlStructField Fields58test_name_WithAndWithoutRequestResponseOnWithResponseEvent[] = {
    /*FidlStructField*/{.type=&String4294967295nonnullableTable, .offset=16u, .padding=0u}
};
const fidl_type_t test_name_WithAndWithoutRequestResponseOnWithResponseEventTable = {.type_tag=kFidlTypeStruct, {.coded_struct={.fields=Fields58test_name_WithAndWithoutRequestResponseOnWithResponseEvent, .field_count=1u, .size=32u, .name="test.name/WithAndWithoutRequestResponseOnWithResponseEvent"}}};

extern const fidl_type_t test_name_WithErrorSyntaxResponseAsStructRequestTable;
static const struct FidlStructField Fields48test_name_WithErrorSyntaxResponseAsStructRequest[] = {};
const fidl_type_t test_name_WithErrorSyntaxResponseAsStructRequestTable = {.type_tag=kFidlTypeStruct, {.coded_struct={.fields=Fields48test_name_WithErrorSyntaxResponseAsStructRequest, .field_count=0u, .size=16u, .name="test.name/WithErrorSyntaxResponseAsStructRequest"}}};

extern const fidl_type_t test_name_WithErrorSyntaxResponseAsStructResponseTable;
static const struct FidlStructField Fields49test_name_WithErrorSyntaxResponseAsStructResponse[] = {
    /*FidlStructField*/{.type=&test_name_WithErrorSyntax_ResponseAsStruct_ResultTable, .offset=16u, .padding=0u}
};
const fidl_type_t test_name_WithErrorSyntaxResponseAsStructResponseTable = {.type_tag=kFidlTypeStruct, {.coded_struct={.fields=Fields49test_name_WithErrorSyntaxResponseAsStructResponse, .field_count=1u, .size=40u, .name="test.name/WithErrorSyntaxResponseAsStructResponse"}}};

extern const fidl_type_t test_name_WithErrorSyntaxErrorAsPrimitiveRequestTable;
static const struct FidlStructField Fields48test_name_WithErrorSyntaxErrorAsPrimitiveRequest[] = {};
const fidl_type_t test_name_WithErrorSyntaxErrorAsPrimitiveRequestTable = {.type_tag=kFidlTypeStruct, {.coded_struct={.fields=Fields48test_name_WithErrorSyntaxErrorAsPrimitiveRequest, .field_count=0u, .size=16u, .name="test.name/WithErrorSyntaxErrorAsPrimitiveRequest"}}};

extern const fidl_type_t test_name_WithErrorSyntaxErrorAsPrimitiveResponseTable;
static const struct FidlStructField Fields49test_name_WithErrorSyntaxErrorAsPrimitiveResponse[] = {
    /*FidlStructField*/{.type=&test_name_WithErrorSyntax_ErrorAsPrimitive_ResultTable, .offset=16u, .padding=0u}
};
const fidl_type_t test_name_WithErrorSyntaxErrorAsPrimitiveResponseTable = {.type_tag=kFidlTypeStruct, {.coded_struct={.fields=Fields49test_name_WithErrorSyntaxErrorAsPrimitiveResponse, .field_count=1u, .size=40u, .name="test.name/WithErrorSyntaxErrorAsPrimitiveResponse"}}};

extern const fidl_type_t test_name_WithErrorSyntaxErrorAsEnumRequestTable;
static const struct FidlStructField Fields43test_name_WithErrorSyntaxErrorAsEnumRequest[] = {};
const fidl_type_t test_name_WithErrorSyntaxErrorAsEnumRequestTable = {.type_tag=kFidlTypeStruct, {.coded_struct={.fields=Fields43test_name_WithErrorSyntaxErrorAsEnumRequest, .field_count=0u, .size=16u, .name="test.name/WithErrorSyntaxErrorAsEnumRequest"}}};

extern const fidl_type_t test_name_WithErrorSyntaxErrorAsEnumResponseTable;
static const struct FidlStructField Fields44test_name_WithErrorSyntaxErrorAsEnumResponse[] = {
    /*FidlStructField*/{.type=&test_name_WithErrorSyntax_ErrorAsEnum_ResultTable, .offset=16u, .padding=0u}
};
const fidl_type_t test_name_WithErrorSyntaxErrorAsEnumResponseTable = {.type_tag=kFidlTypeStruct, {.coded_struct={.fields=Fields44test_name_WithErrorSyntaxErrorAsEnumResponse, .field_count=1u, .size=40u, .name="test.name/WithErrorSyntaxErrorAsEnumResponse"}}};


static const struct FidlStructField Fields51test_name_WithErrorSyntax_ResponseAsStruct_Response[] = {
    /*FidlStructField*/{.type=NULL, .padding_offset=8u, .padding=0u},
    /*FidlStructField*/{.type=NULL, .padding_offset=16u, .padding=0u},
    /*FidlStructField*/{.type=NULL, .padding_offset=24u, .padding=0u}
};
const fidl_type_t test_name_WithErrorSyntax_ResponseAsStruct_ResponseTable = {.type_tag=kFidlTypeStruct, {.coded_struct={.fields=Fields51test_name_WithErrorSyntax_ResponseAsStruct_Response, .field_count=3u, .size=24u, .name="test.name/WithErrorSyntax_ResponseAsStruct_Response"}}};

static const struct FidlXUnionField Fields49test_name_WithErrorSyntax_ResponseAsStruct_Result[] = {
    /*FidlXUnionField*/{.type=&test_name_WithErrorSyntax_ResponseAsStruct_ResponseTable, .ordinal=1u},
    /*FidlXUnionField*/{.type=&fidl_internal_kUint32Table, .ordinal=2u}
};
const fidl_type_t test_name_WithErrorSyntax_ResponseAsStruct_ResultTable = {.type_tag=kFidlTypeXUnion, {.coded_xunion={.field_count=2u, .fields=Fields49test_name_WithErrorSyntax_ResponseAsStruct_Result, .nullable=kFidlNullability_Nonnullable, .name="test.name/WithErrorSyntax_ResponseAsStruct_Result", .strictness=kFidlStrictness_Strict}}};
static const struct FidlXUnionField Fields60test_name_WithErrorSyntax_ResponseAsStruct_ResultNullableRef[] = {
    /*FidlXUnionField*/{.type=&test_name_WithErrorSyntax_ResponseAsStruct_ResponseTable, .ordinal=1u},
    /*FidlXUnionField*/{.type=&fidl_internal_kUint32Table, .ordinal=2u}
};
const fidl_type_t test_name_WithErrorSyntax_ResponseAsStruct_ResultNullableRefTable = {.type_tag=kFidlTypeXUnion, {.coded_xunion={.field_count=2u, .fields=Fields60test_name_WithErrorSyntax_ResponseAsStruct_ResultNullableRef, .nullable=kFidlNullability_Nullable, .name="test.name/WithErrorSyntax_ResponseAsStruct_Result", .strictness=kFidlStrictness_Strict}}};
static const struct FidlStructField Fields51test_name_WithErrorSyntax_ErrorAsPrimitive_Response[] = {};
const fidl_type_t test_name_WithErrorSyntax_ErrorAsPrimitive_ResponseTable = {.type_tag=kFidlTypeStruct, {.coded_struct={.fields=Fields51test_name_WithErrorSyntax_ErrorAsPrimitive_Response, .field_count=0u, .size=1u, .name="test.name/WithErrorSyntax_ErrorAsPrimitive_Response"}}};

static const struct FidlXUnionField Fields49test_name_WithErrorSyntax_ErrorAsPrimitive_Result[] = {
    /*FidlXUnionField*/{.type=&test_name_WithErrorSyntax_ErrorAsPrimitive_ResponseTable, .ordinal=1u},
    /*FidlXUnionField*/{.type=&fidl_internal_kUint32Table, .ordinal=2u}
};
const fidl_type_t test_name_WithErrorSyntax_ErrorAsPrimitive_ResultTable = {.type_tag=kFidlTypeXUnion, {.coded_xunion={.field_count=2u, .fields=Fields49test_name_WithErrorSyntax_ErrorAsPrimitive_Result, .nullable=kFidlNullability_Nonnullable, .name="test.name/WithErrorSyntax_ErrorAsPrimitive_Result", .strictness=kFidlStrictness_Strict}}};
static const struct FidlXUnionField Fields60test_name_WithErrorSyntax_ErrorAsPrimitive_ResultNullableRef[] = {
    /*FidlXUnionField*/{.type=&test_name_WithErrorSyntax_ErrorAsPrimitive_ResponseTable, .ordinal=1u},
    /*FidlXUnionField*/{.type=&fidl_internal_kUint32Table, .ordinal=2u}
};
const fidl_type_t test_name_WithErrorSyntax_ErrorAsPrimitive_ResultNullableRefTable = {.type_tag=kFidlTypeXUnion, {.coded_xunion={.field_count=2u, .fields=Fields60test_name_WithErrorSyntax_ErrorAsPrimitive_ResultNullableRef, .nullable=kFidlNullability_Nullable, .name="test.name/WithErrorSyntax_ErrorAsPrimitive_Result", .strictness=kFidlStrictness_Strict}}};
static const struct FidlStructField Fields46test_name_WithErrorSyntax_ErrorAsEnum_Response[] = {};
const fidl_type_t test_name_WithErrorSyntax_ErrorAsEnum_ResponseTable = {.type_tag=kFidlTypeStruct, {.coded_struct={.fields=Fields46test_name_WithErrorSyntax_ErrorAsEnum_Response, .field_count=0u, .size=1u, .name="test.name/WithErrorSyntax_ErrorAsEnum_Response"}}};

static bool EnumValidatorFor_test_name_ErrorEnun(uint64_t v) { return (v == 1ul) || (v == 2ul) || false; }
const fidl_type_t test_name_ErrorEnunTable = {.type_tag=kFidlTypeEnum, {.coded_enum={.underlying_type=kFidlCodedPrimitive_Uint32, .validate=&EnumValidatorFor_test_name_ErrorEnun, .name="test.name/ErrorEnun"}}};

static const struct FidlXUnionField Fields44test_name_WithErrorSyntax_ErrorAsEnum_Result[] = {
    /*FidlXUnionField*/{.type=&test_name_WithErrorSyntax_ErrorAsEnum_ResponseTable, .ordinal=1u},
    /*FidlXUnionField*/{.type=&test_name_ErrorEnunTable, .ordinal=2u}
};
const fidl_type_t test_name_WithErrorSyntax_ErrorAsEnum_ResultTable = {.type_tag=kFidlTypeXUnion, {.coded_xunion={.field_count=2u, .fields=Fields44test_name_WithErrorSyntax_ErrorAsEnum_Result, .nullable=kFidlNullability_Nonnullable, .name="test.name/WithErrorSyntax_ErrorAsEnum_Result", .strictness=kFidlStrictness_Strict}}};
static const struct FidlXUnionField Fields55test_name_WithErrorSyntax_ErrorAsEnum_ResultNullableRef[] = {
    /*FidlXUnionField*/{.type=&test_name_WithErrorSyntax_ErrorAsEnum_ResponseTable, .ordinal=1u},
    /*FidlXUnionField*/{.type=&test_name_ErrorEnunTable, .ordinal=2u}
};
const fidl_type_t test_name_WithErrorSyntax_ErrorAsEnum_ResultNullableRefTable = {.type_tag=kFidlTypeXUnion, {.coded_xunion={.field_count=2u, .fields=Fields55test_name_WithErrorSyntax_ErrorAsEnum_ResultNullableRef, .nullable=kFidlNullability_Nullable, .name="test.name/WithErrorSyntax_ErrorAsEnum_Result", .strictness=kFidlStrictness_Strict}}};
