// WARNING: This file is machine generated by fidlc.

#include <lib/fidl/internal.h>




extern const fidl_type_t test_name_SecondProtocolMethodOnSecondRequestTable;
static const struct FidlStructField Fields45test_name_SecondProtocolMethodOnSecondRequest[] = {};
const fidl_type_t test_name_SecondProtocolMethodOnSecondRequestTable = {.type_tag=kFidlTypeStruct, {.coded_struct={.fields=Fields45test_name_SecondProtocolMethodOnSecondRequest, .field_count=0u, .size=16u, .name="test.name/SecondProtocolMethodOnSecondRequest"}}};

extern const fidl_type_t test_name_FirstProtocolMethodOnFirstRequestTable;
static const struct FidlStructField Fields43test_name_FirstProtocolMethodOnFirstRequest[] = {};
const fidl_type_t test_name_FirstProtocolMethodOnFirstRequestTable = {.type_tag=kFidlTypeStruct, {.coded_struct={.fields=Fields43test_name_FirstProtocolMethodOnFirstRequest, .field_count=0u, .size=16u, .name="test.name/FirstProtocolMethodOnFirstRequest"}}};


