// WARNING: This file is machine generated by fidlc.

#include <lib/fidl/internal.h>


extern const fidl_type_t fidl_test_json_SimpleTable;
extern const fidl_type_t fidl_test_json_BasicStructTable;


static const fidl_type_t String4294967295nonnullableTable = {.type_tag=kFidlTypeString, {.coded_string={.max_size=4294967295u, .nullable=kFidlNullability_Nonnullable}}};


static const struct FidlStructField Fields21fidl_test_json_Simple[] = {
    /*FidlStructField*/{.type=NULL, .padding_offset=1u, .padding=0u},
    /*FidlStructField*/{.type=NULL, .padding_offset=2u, .padding=0u}
};
const fidl_type_t fidl_test_json_SimpleTable = {.type_tag=kFidlTypeStruct, {.coded_struct={.fields=Fields21fidl_test_json_Simple, .field_count=2u, .size=2u, .name="fidl.test.json/Simple"}}};

static const struct FidlStructField Fields26fidl_test_json_BasicStruct[] = {
    /*FidlStructField*/{.type=NULL, .padding_offset=4u, .padding=4u},
    /*FidlStructField*/{.type=&String4294967295nonnullableTable, .offset=8u, .padding=0u}
};
const fidl_type_t fidl_test_json_BasicStructTable = {.type_tag=kFidlTypeStruct, {.coded_struct={.fields=Fields26fidl_test_json_BasicStruct, .field_count=2u, .size=24u, .name="fidl.test.json/BasicStruct"}}};

