// WARNING: This file is machine generated by fidlc.

#include <lib/fidl/internal.h>


extern const fidl_type_t dependent_MyEnumTable;
extern const fidl_type_t example_FooTable;



static const struct FidlStructField Fields11example_Foo[] = {
    /*FidlStructField*/{.type=&dependent_MyEnumTable, .offset=0u, .padding=0u}
};
const fidl_type_t example_FooTable = {.type_tag=kFidlTypeStruct, {.coded_struct={.fields=Fields11example_Foo, .field_count=1u, .size=4u, .name="example/Foo"}}};

