// WARNING: This file is machine generated by fidlc.

#include <lib/fidl/internal.h>


extern const fidl_type_t fidl_test_json_UnionTable;
extern const fidl_type_t fidl_test_json_UnionNullableRefTable;
extern const fidl_type_t fidl_test_json_StructWithNullableXUnionTable;
extern const fidl_type_t fidl_test_json_StrictUnionTable;
extern const fidl_type_t fidl_test_json_StrictUnionNullableRefTable;
extern const fidl_type_t fidl_test_json_StrictSimpleXUnionTable;
extern const fidl_type_t fidl_test_json_StrictSimpleXUnionNullableRefTable;
extern const fidl_type_t fidl_test_json_StrictFooTable;
extern const fidl_type_t fidl_test_json_StrictFooNullableRefTable;
extern const fidl_type_t fidl_test_json_StrictBoundedXUnionTable;
extern const fidl_type_t fidl_test_json_StrictBoundedXUnionNullableRefTable;
extern const fidl_type_t fidl_test_json_ReverseOrdinalUnionTable;
extern const fidl_type_t fidl_test_json_ReverseOrdinalUnionNullableRefTable;
extern const fidl_type_t fidl_test_json_PizzaTable;
extern const fidl_type_t fidl_test_json_PastaTable;
extern const fidl_type_t fidl_test_json_StrictPizzaOrPastaTable;
extern const fidl_type_t fidl_test_json_StrictPizzaOrPastaNullableRefTable;
extern const fidl_type_t fidl_test_json_PizzaOrPastaTable;
extern const fidl_type_t fidl_test_json_PizzaOrPastaNullableRefTable;
extern const fidl_type_t fidl_test_json_FlexiblePizzaOrPastaTable;
extern const fidl_type_t fidl_test_json_FlexiblePizzaOrPastaNullableRefTable;
extern const fidl_type_t fidl_test_json_ExplicitPizzaOrPastaTable;
extern const fidl_type_t fidl_test_json_ExplicitPizzaOrPastaNullableRefTable;
extern const fidl_type_t fidl_test_json_OlderSimpleUnionTable;
extern const fidl_type_t fidl_test_json_OlderSimpleUnionNullableRefTable;
extern const fidl_type_t fidl_test_json_NullableUnionStructTable;
extern const fidl_type_t fidl_test_json_NewerSimpleUnionTable;
extern const fidl_type_t fidl_test_json_NewerSimpleUnionNullableRefTable;
extern const fidl_type_t fidl_test_json_FlexibleUnionTable;
extern const fidl_type_t fidl_test_json_FlexibleUnionNullableRefTable;
extern const fidl_type_t fidl_test_json_FlexibleFooTable;
extern const fidl_type_t fidl_test_json_FlexibleFooNullableRefTable;
extern const fidl_type_t fidl_test_json_FieldCollisionTable;
extern const fidl_type_t fidl_test_json_FieldCollisionNullableRefTable;
extern const fidl_type_t fidl_test_json_ExplicitXUnionTable;
extern const fidl_type_t fidl_test_json_ExplicitXUnionNullableRefTable;
extern const fidl_type_t fidl_test_json_ExplicitUnionTable;
extern const fidl_type_t fidl_test_json_ExplicitUnionNullableRefTable;
extern const fidl_type_t fidl_test_json_ExplicitStrictFooTable;
extern const fidl_type_t fidl_test_json_ExplicitStrictFooNullableRefTable;
extern const fidl_type_t fidl_test_json_ExplicitFooTable;
extern const fidl_type_t fidl_test_json_ExplicitFooNullableRefTable;
extern const fidl_type_t fidl_test_json_EmptyTable;
extern const fidl_type_t fidl_test_json_XUnionContainingEmptyStructTable;
extern const fidl_type_t fidl_test_json_XUnionContainingEmptyStructNullableRefTable;


static const fidl_type_t String4294967295nonnullableTable = {.type_tag=kFidlTypeString, {.coded_string={.max_size=4294967295u, .nullable=kFidlNullability_Nonnullable}}};

static const fidl_type_t Vector4294967295nonnullable27String4294967295nonnullableTable = {.type_tag=kFidlTypeVector, {.coded_vector={.element=&String4294967295nonnullableTable, .max_count=4294967295u, .element_size=16u, .nullable=kFidlNullability_Nonnullable}}};

static const fidl_type_t Vector10nonnullable5uint8Table = {.type_tag=kFidlTypeVector, {.coded_vector={.element=NULL, .max_count=10u, .element_size=1u, .nullable=kFidlNullability_Nonnullable}}};

static const fidl_type_t String16nonnullableTable = {.type_tag=kFidlTypeString, {.coded_string={.max_size=16u, .nullable=kFidlNullability_Nonnullable}}};

static const fidl_type_t Vector4294967295nonnullable19String16nonnullableTable = {.type_tag=kFidlTypeVector, {.coded_vector={.element=&String16nonnullableTable, .max_count=4294967295u, .element_size=16u, .nullable=kFidlNullability_Nonnullable}}};

extern const fidl_type_t fidl_test_json_TestProtocolStrictXUnionHenceResponseMayBeStackAllocatedRequestTable;
static const struct FidlStructField Fields78fidl_test_json_TestProtocolStrictXUnionHenceResponseMayBeStackAllocatedRequest[] = {};
const fidl_type_t fidl_test_json_TestProtocolStrictXUnionHenceResponseMayBeStackAllocatedRequestTable = {.type_tag=kFidlTypeStruct, {.coded_struct={.fields=Fields78fidl_test_json_TestProtocolStrictXUnionHenceResponseMayBeStackAllocatedRequest, .field_count=0u, .size=16u, .name="fidl.test.json/TestProtocolStrictXUnionHenceResponseMayBeStackAllocatedRequest"}}};

extern const fidl_type_t fidl_test_json_TestProtocolStrictXUnionHenceResponseMayBeStackAllocatedResponseTable;
static const struct FidlStructField Fields79fidl_test_json_TestProtocolStrictXUnionHenceResponseMayBeStackAllocatedResponse[] = {
    /*FidlStructField*/{.type=&fidl_test_json_StrictBoundedXUnionTable, .offset=16u, .padding=0u}
};
const fidl_type_t fidl_test_json_TestProtocolStrictXUnionHenceResponseMayBeStackAllocatedResponseTable = {.type_tag=kFidlTypeStruct, {.coded_struct={.fields=Fields79fidl_test_json_TestProtocolStrictXUnionHenceResponseMayBeStackAllocatedResponse, .field_count=1u, .size=40u, .name="fidl.test.json/TestProtocolStrictXUnionHenceResponseMayBeStackAllocatedResponse"}}};

extern const fidl_type_t fidl_test_json_TestProtocolFlexibleXUnionHenceResponseMustBeHeapAllocatedRequestTable;
static const struct FidlStructField Fields80fidl_test_json_TestProtocolFlexibleXUnionHenceResponseMustBeHeapAllocatedRequest[] = {};
const fidl_type_t fidl_test_json_TestProtocolFlexibleXUnionHenceResponseMustBeHeapAllocatedRequestTable = {.type_tag=kFidlTypeStruct, {.coded_struct={.fields=Fields80fidl_test_json_TestProtocolFlexibleXUnionHenceResponseMustBeHeapAllocatedRequest, .field_count=0u, .size=16u, .name="fidl.test.json/TestProtocolFlexibleXUnionHenceResponseMustBeHeapAllocatedRequest"}}};

extern const fidl_type_t fidl_test_json_TestProtocolFlexibleXUnionHenceResponseMustBeHeapAllocatedResponseTable;
static const struct FidlStructField Fields81fidl_test_json_TestProtocolFlexibleXUnionHenceResponseMustBeHeapAllocatedResponse[] = {
    /*FidlStructField*/{.type=&fidl_test_json_OlderSimpleUnionTable, .offset=16u, .padding=0u}
};
const fidl_type_t fidl_test_json_TestProtocolFlexibleXUnionHenceResponseMustBeHeapAllocatedResponseTable = {.type_tag=kFidlTypeStruct, {.coded_struct={.fields=Fields81fidl_test_json_TestProtocolFlexibleXUnionHenceResponseMustBeHeapAllocatedResponse, .field_count=1u, .size=40u, .name="fidl.test.json/TestProtocolFlexibleXUnionHenceResponseMustBeHeapAllocatedResponse"}}};


static const struct FidlXUnionField Fields20fidl_test_json_Union[] = {
    /*FidlXUnionField*/{.type=&fidl_internal_kInt32Table, .ordinal=1u},
    /*FidlXUnionField*/{.type=&String4294967295nonnullableTable, .ordinal=2u},
    /*FidlXUnionField*/{.type=&Vector4294967295nonnullable27String4294967295nonnullableTable, .ordinal=3u}
};
const fidl_type_t fidl_test_json_UnionTable = {.type_tag=kFidlTypeXUnion, {.coded_xunion={.field_count=3u, .fields=Fields20fidl_test_json_Union, .nullable=kFidlNullability_Nonnullable, .name="fidl.test.json/Union", .strictness=kFidlStrictness_Strict}}};
static const struct FidlXUnionField Fields31fidl_test_json_UnionNullableRef[] = {
    /*FidlXUnionField*/{.type=&fidl_internal_kInt32Table, .ordinal=1u},
    /*FidlXUnionField*/{.type=&String4294967295nonnullableTable, .ordinal=2u},
    /*FidlXUnionField*/{.type=&Vector4294967295nonnullable27String4294967295nonnullableTable, .ordinal=3u}
};
const fidl_type_t fidl_test_json_UnionNullableRefTable = {.type_tag=kFidlTypeXUnion, {.coded_xunion={.field_count=3u, .fields=Fields31fidl_test_json_UnionNullableRef, .nullable=kFidlNullability_Nullable, .name="fidl.test.json/Union", .strictness=kFidlStrictness_Strict}}};
static const struct FidlStructField Fields39fidl_test_json_StructWithNullableXUnion[] = {
    /*FidlStructField*/{.type=&fidl_test_json_OlderSimpleUnionNullableRefTable, .offset=0u, .padding=0u}
};
const fidl_type_t fidl_test_json_StructWithNullableXUnionTable = {.type_tag=kFidlTypeStruct, {.coded_struct={.fields=Fields39fidl_test_json_StructWithNullableXUnion, .field_count=1u, .size=24u, .name="fidl.test.json/StructWithNullableXUnion"}}};

static const struct FidlXUnionField Fields26fidl_test_json_StrictUnion[] = {
    /*FidlXUnionField*/{.type=&fidl_internal_kInt32Table, .ordinal=1u},
    /*FidlXUnionField*/{.type=&String4294967295nonnullableTable, .ordinal=2u},
    /*FidlXUnionField*/{.type=&Vector4294967295nonnullable27String4294967295nonnullableTable, .ordinal=3u}
};
const fidl_type_t fidl_test_json_StrictUnionTable = {.type_tag=kFidlTypeXUnion, {.coded_xunion={.field_count=3u, .fields=Fields26fidl_test_json_StrictUnion, .nullable=kFidlNullability_Nonnullable, .name="fidl.test.json/StrictUnion", .strictness=kFidlStrictness_Strict}}};
static const struct FidlXUnionField Fields37fidl_test_json_StrictUnionNullableRef[] = {
    /*FidlXUnionField*/{.type=&fidl_internal_kInt32Table, .ordinal=1u},
    /*FidlXUnionField*/{.type=&String4294967295nonnullableTable, .ordinal=2u},
    /*FidlXUnionField*/{.type=&Vector4294967295nonnullable27String4294967295nonnullableTable, .ordinal=3u}
};
const fidl_type_t fidl_test_json_StrictUnionNullableRefTable = {.type_tag=kFidlTypeXUnion, {.coded_xunion={.field_count=3u, .fields=Fields37fidl_test_json_StrictUnionNullableRef, .nullable=kFidlNullability_Nullable, .name="fidl.test.json/StrictUnion", .strictness=kFidlStrictness_Strict}}};
static const struct FidlXUnionField Fields33fidl_test_json_StrictSimpleXUnion[] = {
    /*FidlXUnionField*/{.type=&fidl_internal_kInt32Table, .ordinal=1u},
    /*FidlXUnionField*/{.type=&fidl_internal_kFloat32Table, .ordinal=2u},
    /*FidlXUnionField*/{.type=&String4294967295nonnullableTable, .ordinal=3u}
};
const fidl_type_t fidl_test_json_StrictSimpleXUnionTable = {.type_tag=kFidlTypeXUnion, {.coded_xunion={.field_count=3u, .fields=Fields33fidl_test_json_StrictSimpleXUnion, .nullable=kFidlNullability_Nonnullable, .name="fidl.test.json/StrictSimpleXUnion", .strictness=kFidlStrictness_Strict}}};
static const struct FidlXUnionField Fields44fidl_test_json_StrictSimpleXUnionNullableRef[] = {
    /*FidlXUnionField*/{.type=&fidl_internal_kInt32Table, .ordinal=1u},
    /*FidlXUnionField*/{.type=&fidl_internal_kFloat32Table, .ordinal=2u},
    /*FidlXUnionField*/{.type=&String4294967295nonnullableTable, .ordinal=3u}
};
const fidl_type_t fidl_test_json_StrictSimpleXUnionNullableRefTable = {.type_tag=kFidlTypeXUnion, {.coded_xunion={.field_count=3u, .fields=Fields44fidl_test_json_StrictSimpleXUnionNullableRef, .nullable=kFidlNullability_Nullable, .name="fidl.test.json/StrictSimpleXUnion", .strictness=kFidlStrictness_Strict}}};
static const struct FidlXUnionField Fields24fidl_test_json_StrictFoo[] = {
    /*FidlXUnionField*/{.type=&String4294967295nonnullableTable, .ordinal=1u},
    /*FidlXUnionField*/{.type=&fidl_internal_kInt32Table, .ordinal=2u}
};
const fidl_type_t fidl_test_json_StrictFooTable = {.type_tag=kFidlTypeXUnion, {.coded_xunion={.field_count=2u, .fields=Fields24fidl_test_json_StrictFoo, .nullable=kFidlNullability_Nonnullable, .name="fidl.test.json/StrictFoo", .strictness=kFidlStrictness_Strict}}};
static const struct FidlXUnionField Fields35fidl_test_json_StrictFooNullableRef[] = {
    /*FidlXUnionField*/{.type=&String4294967295nonnullableTable, .ordinal=1u},
    /*FidlXUnionField*/{.type=&fidl_internal_kInt32Table, .ordinal=2u}
};
const fidl_type_t fidl_test_json_StrictFooNullableRefTable = {.type_tag=kFidlTypeXUnion, {.coded_xunion={.field_count=2u, .fields=Fields35fidl_test_json_StrictFooNullableRef, .nullable=kFidlNullability_Nullable, .name="fidl.test.json/StrictFoo", .strictness=kFidlStrictness_Strict}}};
static const struct FidlXUnionField Fields34fidl_test_json_StrictBoundedXUnion[] = {
    /*FidlXUnionField*/{.type=&Vector10nonnullable5uint8Table, .ordinal=1u}
};
const fidl_type_t fidl_test_json_StrictBoundedXUnionTable = {.type_tag=kFidlTypeXUnion, {.coded_xunion={.field_count=1u, .fields=Fields34fidl_test_json_StrictBoundedXUnion, .nullable=kFidlNullability_Nonnullable, .name="fidl.test.json/StrictBoundedXUnion", .strictness=kFidlStrictness_Strict}}};
static const struct FidlXUnionField Fields45fidl_test_json_StrictBoundedXUnionNullableRef[] = {
    /*FidlXUnionField*/{.type=&Vector10nonnullable5uint8Table, .ordinal=1u}
};
const fidl_type_t fidl_test_json_StrictBoundedXUnionNullableRefTable = {.type_tag=kFidlTypeXUnion, {.coded_xunion={.field_count=1u, .fields=Fields45fidl_test_json_StrictBoundedXUnionNullableRef, .nullable=kFidlNullability_Nullable, .name="fidl.test.json/StrictBoundedXUnion", .strictness=kFidlStrictness_Strict}}};
static const struct FidlXUnionField Fields34fidl_test_json_ReverseOrdinalUnion[] = {
    /*FidlXUnionField*/{.type=&fidl_internal_kUint32Table, .ordinal=1u},
    /*FidlXUnionField*/{.type=&fidl_internal_kUint32Table, .ordinal=2u}
};
const fidl_type_t fidl_test_json_ReverseOrdinalUnionTable = {.type_tag=kFidlTypeXUnion, {.coded_xunion={.field_count=2u, .fields=Fields34fidl_test_json_ReverseOrdinalUnion, .nullable=kFidlNullability_Nonnullable, .name="fidl.test.json/ReverseOrdinalUnion", .strictness=kFidlStrictness_Strict}}};
static const struct FidlXUnionField Fields45fidl_test_json_ReverseOrdinalUnionNullableRef[] = {
    /*FidlXUnionField*/{.type=&fidl_internal_kUint32Table, .ordinal=1u},
    /*FidlXUnionField*/{.type=&fidl_internal_kUint32Table, .ordinal=2u}
};
const fidl_type_t fidl_test_json_ReverseOrdinalUnionNullableRefTable = {.type_tag=kFidlTypeXUnion, {.coded_xunion={.field_count=2u, .fields=Fields45fidl_test_json_ReverseOrdinalUnionNullableRef, .nullable=kFidlNullability_Nullable, .name="fidl.test.json/ReverseOrdinalUnion", .strictness=kFidlStrictness_Strict}}};
static const struct FidlStructField Fields20fidl_test_json_Pizza[] = {
    /*FidlStructField*/{.type=&Vector4294967295nonnullable19String16nonnullableTable, .offset=0u, .padding=0u}
};
const fidl_type_t fidl_test_json_PizzaTable = {.type_tag=kFidlTypeStruct, {.coded_struct={.fields=Fields20fidl_test_json_Pizza, .field_count=1u, .size=16u, .name="fidl.test.json/Pizza"}}};

static const struct FidlStructField Fields20fidl_test_json_Pasta[] = {
    /*FidlStructField*/{.type=&String16nonnullableTable, .offset=0u, .padding=0u}
};
const fidl_type_t fidl_test_json_PastaTable = {.type_tag=kFidlTypeStruct, {.coded_struct={.fields=Fields20fidl_test_json_Pasta, .field_count=1u, .size=16u, .name="fidl.test.json/Pasta"}}};

static const struct FidlXUnionField Fields33fidl_test_json_StrictPizzaOrPasta[] = {
    /*FidlXUnionField*/{.type=&fidl_test_json_PizzaTable, .ordinal=1u},
    /*FidlXUnionField*/{.type=&fidl_test_json_PastaTable, .ordinal=2u}
};
const fidl_type_t fidl_test_json_StrictPizzaOrPastaTable = {.type_tag=kFidlTypeXUnion, {.coded_xunion={.field_count=2u, .fields=Fields33fidl_test_json_StrictPizzaOrPasta, .nullable=kFidlNullability_Nonnullable, .name="fidl.test.json/StrictPizzaOrPasta", .strictness=kFidlStrictness_Strict}}};
static const struct FidlXUnionField Fields44fidl_test_json_StrictPizzaOrPastaNullableRef[] = {
    /*FidlXUnionField*/{.type=&fidl_test_json_PizzaTable, .ordinal=1u},
    /*FidlXUnionField*/{.type=&fidl_test_json_PastaTable, .ordinal=2u}
};
const fidl_type_t fidl_test_json_StrictPizzaOrPastaNullableRefTable = {.type_tag=kFidlTypeXUnion, {.coded_xunion={.field_count=2u, .fields=Fields44fidl_test_json_StrictPizzaOrPastaNullableRef, .nullable=kFidlNullability_Nullable, .name="fidl.test.json/StrictPizzaOrPasta", .strictness=kFidlStrictness_Strict}}};
static const struct FidlXUnionField Fields27fidl_test_json_PizzaOrPasta[] = {
    /*FidlXUnionField*/{.type=&fidl_test_json_PizzaTable, .ordinal=1u},
    /*FidlXUnionField*/{.type=&fidl_test_json_PastaTable, .ordinal=2u}
};
const fidl_type_t fidl_test_json_PizzaOrPastaTable = {.type_tag=kFidlTypeXUnion, {.coded_xunion={.field_count=2u, .fields=Fields27fidl_test_json_PizzaOrPasta, .nullable=kFidlNullability_Nonnullable, .name="fidl.test.json/PizzaOrPasta", .strictness=kFidlStrictness_Strict}}};
static const struct FidlXUnionField Fields38fidl_test_json_PizzaOrPastaNullableRef[] = {
    /*FidlXUnionField*/{.type=&fidl_test_json_PizzaTable, .ordinal=1u},
    /*FidlXUnionField*/{.type=&fidl_test_json_PastaTable, .ordinal=2u}
};
const fidl_type_t fidl_test_json_PizzaOrPastaNullableRefTable = {.type_tag=kFidlTypeXUnion, {.coded_xunion={.field_count=2u, .fields=Fields38fidl_test_json_PizzaOrPastaNullableRef, .nullable=kFidlNullability_Nullable, .name="fidl.test.json/PizzaOrPasta", .strictness=kFidlStrictness_Strict}}};
static const struct FidlXUnionField Fields35fidl_test_json_FlexiblePizzaOrPasta[] = {
    /*FidlXUnionField*/{.type=&fidl_test_json_PizzaTable, .ordinal=1u},
    /*FidlXUnionField*/{.type=&fidl_test_json_PastaTable, .ordinal=2u}
};
const fidl_type_t fidl_test_json_FlexiblePizzaOrPastaTable = {.type_tag=kFidlTypeXUnion, {.coded_xunion={.field_count=2u, .fields=Fields35fidl_test_json_FlexiblePizzaOrPasta, .nullable=kFidlNullability_Nonnullable, .name="fidl.test.json/FlexiblePizzaOrPasta", .strictness=kFidlStrictness_Flexible}}};
static const struct FidlXUnionField Fields46fidl_test_json_FlexiblePizzaOrPastaNullableRef[] = {
    /*FidlXUnionField*/{.type=&fidl_test_json_PizzaTable, .ordinal=1u},
    /*FidlXUnionField*/{.type=&fidl_test_json_PastaTable, .ordinal=2u}
};
const fidl_type_t fidl_test_json_FlexiblePizzaOrPastaNullableRefTable = {.type_tag=kFidlTypeXUnion, {.coded_xunion={.field_count=2u, .fields=Fields46fidl_test_json_FlexiblePizzaOrPastaNullableRef, .nullable=kFidlNullability_Nullable, .name="fidl.test.json/FlexiblePizzaOrPasta", .strictness=kFidlStrictness_Flexible}}};
static const struct FidlXUnionField Fields35fidl_test_json_ExplicitPizzaOrPasta[] = {
    /*FidlXUnionField*/{.type=&fidl_test_json_PizzaTable, .ordinal=1u},
    /*FidlXUnionField*/{.type=&fidl_test_json_PastaTable, .ordinal=4u}
};
const fidl_type_t fidl_test_json_ExplicitPizzaOrPastaTable = {.type_tag=kFidlTypeXUnion, {.coded_xunion={.field_count=2u, .fields=Fields35fidl_test_json_ExplicitPizzaOrPasta, .nullable=kFidlNullability_Nonnullable, .name="fidl.test.json/ExplicitPizzaOrPasta", .strictness=kFidlStrictness_Strict}}};
static const struct FidlXUnionField Fields46fidl_test_json_ExplicitPizzaOrPastaNullableRef[] = {
    /*FidlXUnionField*/{.type=&fidl_test_json_PizzaTable, .ordinal=1u},
    /*FidlXUnionField*/{.type=&fidl_test_json_PastaTable, .ordinal=4u}
};
const fidl_type_t fidl_test_json_ExplicitPizzaOrPastaNullableRefTable = {.type_tag=kFidlTypeXUnion, {.coded_xunion={.field_count=2u, .fields=Fields46fidl_test_json_ExplicitPizzaOrPastaNullableRef, .nullable=kFidlNullability_Nullable, .name="fidl.test.json/ExplicitPizzaOrPasta", .strictness=kFidlStrictness_Strict}}};
static const struct FidlXUnionField Fields31fidl_test_json_OlderSimpleUnion[] = {
    /*FidlXUnionField*/{.type=&fidl_internal_kInt64Table, .ordinal=1u},
    /*FidlXUnionField*/{.type=&fidl_internal_kFloat32Table, .ordinal=2u}
};
const fidl_type_t fidl_test_json_OlderSimpleUnionTable = {.type_tag=kFidlTypeXUnion, {.coded_xunion={.field_count=2u, .fields=Fields31fidl_test_json_OlderSimpleUnion, .nullable=kFidlNullability_Nonnullable, .name="fidl.test.json/OlderSimpleUnion", .strictness=kFidlStrictness_Flexible}}};
static const struct FidlXUnionField Fields42fidl_test_json_OlderSimpleUnionNullableRef[] = {
    /*FidlXUnionField*/{.type=&fidl_internal_kInt64Table, .ordinal=1u},
    /*FidlXUnionField*/{.type=&fidl_internal_kFloat32Table, .ordinal=2u}
};
const fidl_type_t fidl_test_json_OlderSimpleUnionNullableRefTable = {.type_tag=kFidlTypeXUnion, {.coded_xunion={.field_count=2u, .fields=Fields42fidl_test_json_OlderSimpleUnionNullableRef, .nullable=kFidlNullability_Nullable, .name="fidl.test.json/OlderSimpleUnion", .strictness=kFidlStrictness_Flexible}}};
static const struct FidlStructField Fields34fidl_test_json_NullableUnionStruct[] = {
    /*FidlStructField*/{.type=&fidl_test_json_UnionNullableRefTable, .offset=0u, .padding=0u}
};
const fidl_type_t fidl_test_json_NullableUnionStructTable = {.type_tag=kFidlTypeStruct, {.coded_struct={.fields=Fields34fidl_test_json_NullableUnionStruct, .field_count=1u, .size=24u, .name="fidl.test.json/NullableUnionStruct"}}};

static const struct FidlXUnionField Fields31fidl_test_json_NewerSimpleUnion[] = {
    /*FidlXUnionField*/{.type=&fidl_internal_kInt64Table, .ordinal=1u},
    /*FidlXUnionField*/{.type=&String4294967295nonnullableTable, .ordinal=2u},
    /*FidlXUnionField*/{.type=&Vector4294967295nonnullable27String4294967295nonnullableTable, .ordinal=3u}
};
const fidl_type_t fidl_test_json_NewerSimpleUnionTable = {.type_tag=kFidlTypeXUnion, {.coded_xunion={.field_count=3u, .fields=Fields31fidl_test_json_NewerSimpleUnion, .nullable=kFidlNullability_Nonnullable, .name="fidl.test.json/NewerSimpleUnion", .strictness=kFidlStrictness_Flexible}}};
static const struct FidlXUnionField Fields42fidl_test_json_NewerSimpleUnionNullableRef[] = {
    /*FidlXUnionField*/{.type=&fidl_internal_kInt64Table, .ordinal=1u},
    /*FidlXUnionField*/{.type=&String4294967295nonnullableTable, .ordinal=2u},
    /*FidlXUnionField*/{.type=&Vector4294967295nonnullable27String4294967295nonnullableTable, .ordinal=3u}
};
const fidl_type_t fidl_test_json_NewerSimpleUnionNullableRefTable = {.type_tag=kFidlTypeXUnion, {.coded_xunion={.field_count=3u, .fields=Fields42fidl_test_json_NewerSimpleUnionNullableRef, .nullable=kFidlNullability_Nullable, .name="fidl.test.json/NewerSimpleUnion", .strictness=kFidlStrictness_Flexible}}};
static const struct FidlXUnionField Fields28fidl_test_json_FlexibleUnion[] = {
    /*FidlXUnionField*/{.type=&fidl_internal_kInt32Table, .ordinal=1u},
    /*FidlXUnionField*/{.type=&String4294967295nonnullableTable, .ordinal=2u},
    /*FidlXUnionField*/{.type=&Vector4294967295nonnullable27String4294967295nonnullableTable, .ordinal=3u}
};
const fidl_type_t fidl_test_json_FlexibleUnionTable = {.type_tag=kFidlTypeXUnion, {.coded_xunion={.field_count=3u, .fields=Fields28fidl_test_json_FlexibleUnion, .nullable=kFidlNullability_Nonnullable, .name="fidl.test.json/FlexibleUnion", .strictness=kFidlStrictness_Flexible}}};
static const struct FidlXUnionField Fields39fidl_test_json_FlexibleUnionNullableRef[] = {
    /*FidlXUnionField*/{.type=&fidl_internal_kInt32Table, .ordinal=1u},
    /*FidlXUnionField*/{.type=&String4294967295nonnullableTable, .ordinal=2u},
    /*FidlXUnionField*/{.type=&Vector4294967295nonnullable27String4294967295nonnullableTable, .ordinal=3u}
};
const fidl_type_t fidl_test_json_FlexibleUnionNullableRefTable = {.type_tag=kFidlTypeXUnion, {.coded_xunion={.field_count=3u, .fields=Fields39fidl_test_json_FlexibleUnionNullableRef, .nullable=kFidlNullability_Nullable, .name="fidl.test.json/FlexibleUnion", .strictness=kFidlStrictness_Flexible}}};
static const struct FidlXUnionField Fields26fidl_test_json_FlexibleFoo[] = {
    /*FidlXUnionField*/{.type=&String4294967295nonnullableTable, .ordinal=1u},
    /*FidlXUnionField*/{.type=&fidl_internal_kInt32Table, .ordinal=2u}
};
const fidl_type_t fidl_test_json_FlexibleFooTable = {.type_tag=kFidlTypeXUnion, {.coded_xunion={.field_count=2u, .fields=Fields26fidl_test_json_FlexibleFoo, .nullable=kFidlNullability_Nonnullable, .name="fidl.test.json/FlexibleFoo", .strictness=kFidlStrictness_Flexible}}};
static const struct FidlXUnionField Fields37fidl_test_json_FlexibleFooNullableRef[] = {
    /*FidlXUnionField*/{.type=&String4294967295nonnullableTable, .ordinal=1u},
    /*FidlXUnionField*/{.type=&fidl_internal_kInt32Table, .ordinal=2u}
};
const fidl_type_t fidl_test_json_FlexibleFooNullableRefTable = {.type_tag=kFidlTypeXUnion, {.coded_xunion={.field_count=2u, .fields=Fields37fidl_test_json_FlexibleFooNullableRef, .nullable=kFidlNullability_Nullable, .name="fidl.test.json/FlexibleFoo", .strictness=kFidlStrictness_Flexible}}};
static const struct FidlXUnionField Fields29fidl_test_json_FieldCollision[] = {
    /*FidlXUnionField*/{.type=&fidl_internal_kInt32Table, .ordinal=1u}
};
const fidl_type_t fidl_test_json_FieldCollisionTable = {.type_tag=kFidlTypeXUnion, {.coded_xunion={.field_count=1u, .fields=Fields29fidl_test_json_FieldCollision, .nullable=kFidlNullability_Nonnullable, .name="fidl.test.json/FieldCollision", .strictness=kFidlStrictness_Strict}}};
static const struct FidlXUnionField Fields40fidl_test_json_FieldCollisionNullableRef[] = {
    /*FidlXUnionField*/{.type=&fidl_internal_kInt32Table, .ordinal=1u}
};
const fidl_type_t fidl_test_json_FieldCollisionNullableRefTable = {.type_tag=kFidlTypeXUnion, {.coded_xunion={.field_count=1u, .fields=Fields40fidl_test_json_FieldCollisionNullableRef, .nullable=kFidlNullability_Nullable, .name="fidl.test.json/FieldCollision", .strictness=kFidlStrictness_Strict}}};
static const struct FidlXUnionField Fields29fidl_test_json_ExplicitXUnion[] = {
    /*FidlXUnionField*/{.type=&fidl_internal_kInt64Table, .ordinal=1u},
    /*FidlXUnionField*/{.type=&fidl_internal_kFloat32Table, .ordinal=4u}
};
const fidl_type_t fidl_test_json_ExplicitXUnionTable = {.type_tag=kFidlTypeXUnion, {.coded_xunion={.field_count=2u, .fields=Fields29fidl_test_json_ExplicitXUnion, .nullable=kFidlNullability_Nonnullable, .name="fidl.test.json/ExplicitXUnion", .strictness=kFidlStrictness_Flexible}}};
static const struct FidlXUnionField Fields40fidl_test_json_ExplicitXUnionNullableRef[] = {
    /*FidlXUnionField*/{.type=&fidl_internal_kInt64Table, .ordinal=1u},
    /*FidlXUnionField*/{.type=&fidl_internal_kFloat32Table, .ordinal=4u}
};
const fidl_type_t fidl_test_json_ExplicitXUnionNullableRefTable = {.type_tag=kFidlTypeXUnion, {.coded_xunion={.field_count=2u, .fields=Fields40fidl_test_json_ExplicitXUnionNullableRef, .nullable=kFidlNullability_Nullable, .name="fidl.test.json/ExplicitXUnion", .strictness=kFidlStrictness_Flexible}}};
static const struct FidlXUnionField Fields28fidl_test_json_ExplicitUnion[] = {
    /*FidlXUnionField*/{.type=&fidl_internal_kInt32Table, .ordinal=1u},
    /*FidlXUnionField*/{.type=&String4294967295nonnullableTable, .ordinal=3u}
};
const fidl_type_t fidl_test_json_ExplicitUnionTable = {.type_tag=kFidlTypeXUnion, {.coded_xunion={.field_count=2u, .fields=Fields28fidl_test_json_ExplicitUnion, .nullable=kFidlNullability_Nonnullable, .name="fidl.test.json/ExplicitUnion", .strictness=kFidlStrictness_Strict}}};
static const struct FidlXUnionField Fields39fidl_test_json_ExplicitUnionNullableRef[] = {
    /*FidlXUnionField*/{.type=&fidl_internal_kInt32Table, .ordinal=1u},
    /*FidlXUnionField*/{.type=&String4294967295nonnullableTable, .ordinal=3u}
};
const fidl_type_t fidl_test_json_ExplicitUnionNullableRefTable = {.type_tag=kFidlTypeXUnion, {.coded_xunion={.field_count=2u, .fields=Fields39fidl_test_json_ExplicitUnionNullableRef, .nullable=kFidlNullability_Nullable, .name="fidl.test.json/ExplicitUnion", .strictness=kFidlStrictness_Strict}}};
static const struct FidlXUnionField Fields32fidl_test_json_ExplicitStrictFoo[] = {
    /*FidlXUnionField*/{.type=&fidl_internal_kInt32Table, .ordinal=2u},
    /*FidlXUnionField*/{.type=&String4294967295nonnullableTable, .ordinal=3u}
};
const fidl_type_t fidl_test_json_ExplicitStrictFooTable = {.type_tag=kFidlTypeXUnion, {.coded_xunion={.field_count=2u, .fields=Fields32fidl_test_json_ExplicitStrictFoo, .nullable=kFidlNullability_Nonnullable, .name="fidl.test.json/ExplicitStrictFoo", .strictness=kFidlStrictness_Strict}}};
static const struct FidlXUnionField Fields43fidl_test_json_ExplicitStrictFooNullableRef[] = {
    /*FidlXUnionField*/{.type=&fidl_internal_kInt32Table, .ordinal=2u},
    /*FidlXUnionField*/{.type=&String4294967295nonnullableTable, .ordinal=3u}
};
const fidl_type_t fidl_test_json_ExplicitStrictFooNullableRefTable = {.type_tag=kFidlTypeXUnion, {.coded_xunion={.field_count=2u, .fields=Fields43fidl_test_json_ExplicitStrictFooNullableRef, .nullable=kFidlNullability_Nullable, .name="fidl.test.json/ExplicitStrictFoo", .strictness=kFidlStrictness_Strict}}};
static const struct FidlXUnionField Fields26fidl_test_json_ExplicitFoo[] = {
    /*FidlXUnionField*/{.type=&fidl_internal_kInt32Table, .ordinal=1u},
    /*FidlXUnionField*/{.type=&String4294967295nonnullableTable, .ordinal=2u}
};
const fidl_type_t fidl_test_json_ExplicitFooTable = {.type_tag=kFidlTypeXUnion, {.coded_xunion={.field_count=2u, .fields=Fields26fidl_test_json_ExplicitFoo, .nullable=kFidlNullability_Nonnullable, .name="fidl.test.json/ExplicitFoo", .strictness=kFidlStrictness_Flexible}}};
static const struct FidlXUnionField Fields37fidl_test_json_ExplicitFooNullableRef[] = {
    /*FidlXUnionField*/{.type=&fidl_internal_kInt32Table, .ordinal=1u},
    /*FidlXUnionField*/{.type=&String4294967295nonnullableTable, .ordinal=2u}
};
const fidl_type_t fidl_test_json_ExplicitFooNullableRefTable = {.type_tag=kFidlTypeXUnion, {.coded_xunion={.field_count=2u, .fields=Fields37fidl_test_json_ExplicitFooNullableRef, .nullable=kFidlNullability_Nullable, .name="fidl.test.json/ExplicitFoo", .strictness=kFidlStrictness_Flexible}}};
static const struct FidlStructField Fields20fidl_test_json_Empty[] = {};
const fidl_type_t fidl_test_json_EmptyTable = {.type_tag=kFidlTypeStruct, {.coded_struct={.fields=Fields20fidl_test_json_Empty, .field_count=0u, .size=1u, .name="fidl.test.json/Empty"}}};

static const struct FidlXUnionField Fields42fidl_test_json_XUnionContainingEmptyStruct[] = {
    /*FidlXUnionField*/{.type=&fidl_test_json_EmptyTable, .ordinal=1u}
};
const fidl_type_t fidl_test_json_XUnionContainingEmptyStructTable = {.type_tag=kFidlTypeXUnion, {.coded_xunion={.field_count=1u, .fields=Fields42fidl_test_json_XUnionContainingEmptyStruct, .nullable=kFidlNullability_Nonnullable, .name="fidl.test.json/XUnionContainingEmptyStruct", .strictness=kFidlStrictness_Flexible}}};
static const struct FidlXUnionField Fields53fidl_test_json_XUnionContainingEmptyStructNullableRef[] = {
    /*FidlXUnionField*/{.type=&fidl_test_json_EmptyTable, .ordinal=1u}
};
const fidl_type_t fidl_test_json_XUnionContainingEmptyStructNullableRefTable = {.type_tag=kFidlTypeXUnion, {.coded_xunion={.field_count=1u, .fields=Fields53fidl_test_json_XUnionContainingEmptyStructNullableRef, .nullable=kFidlNullability_Nullable, .name="fidl.test.json/XUnionContainingEmptyStruct", .strictness=kFidlStrictness_Flexible}}};
