// WARNING: This file is machine generated by fidlc.

#include <lib/fidl/internal.h>


extern const fidl_type_t test_fidl_unionsandwich_UnionSize8Alignment4Table;
extern const fidl_type_t test_fidl_unionsandwich_UnionSize8Alignment4NullableRefTable;
extern const fidl_type_t test_fidl_unionsandwich_SandwichUnionSize8Alignment4Table;
extern const fidl_type_t test_fidl_unionsandwich_UnionSize36Alignment4Table;
extern const fidl_type_t test_fidl_unionsandwich_UnionSize36Alignment4NullableRefTable;
extern const fidl_type_t test_fidl_unionsandwich_SandwichUnionSize36Alignment4Table;
extern const fidl_type_t test_fidl_unionsandwich_UnionSize12Alignment4Table;
extern const fidl_type_t test_fidl_unionsandwich_UnionSize12Alignment4NullableRefTable;
extern const fidl_type_t test_fidl_unionsandwich_SandwichUnionSize12Alignment4Table;
extern const fidl_type_t test_fidl_unionsandwich_StructSize16Alignment8Table;
extern const fidl_type_t test_fidl_unionsandwich_UnionSize24Alignment8Table;
extern const fidl_type_t test_fidl_unionsandwich_UnionSize24Alignment8NullableRefTable;
extern const fidl_type_t test_fidl_unionsandwich_SandwichUnionSize24Alignment8Table;


static const fidl_type_t Array32_5uint8Table = {.type_tag=kFidlTypeArray, {.coded_array={.element=NULL, .array_size=32u, .element_size=1u}}};

static const fidl_type_t Array6_5uint8Table = {.type_tag=kFidlTypeArray, {.coded_array={.element=NULL, .array_size=6u, .element_size=1u}}};


static const struct FidlXUnionField Fields44test_fidl_unionsandwich_UnionSize8Alignment4[] = {
    /*FidlXUnionField*/{.type=&fidl_internal_kUint32Table, .ordinal=1u}
};
const fidl_type_t test_fidl_unionsandwich_UnionSize8Alignment4Table = {.type_tag=kFidlTypeXUnion, {.coded_xunion={.field_count=1u, .fields=Fields44test_fidl_unionsandwich_UnionSize8Alignment4, .nullable=kFidlNullability_Nonnullable, .name="test.fidl.unionsandwich/UnionSize8Alignment4", .strictness=kFidlStrictness_Strict}}};
static const struct FidlXUnionField Fields55test_fidl_unionsandwich_UnionSize8Alignment4NullableRef[] = {
    /*FidlXUnionField*/{.type=&fidl_internal_kUint32Table, .ordinal=1u}
};
const fidl_type_t test_fidl_unionsandwich_UnionSize8Alignment4NullableRefTable = {.type_tag=kFidlTypeXUnion, {.coded_xunion={.field_count=1u, .fields=Fields55test_fidl_unionsandwich_UnionSize8Alignment4NullableRef, .nullable=kFidlNullability_Nullable, .name="test.fidl.unionsandwich/UnionSize8Alignment4", .strictness=kFidlStrictness_Strict}}};
static const struct FidlStructField Fields52test_fidl_unionsandwich_SandwichUnionSize8Alignment4[] = {
    /*FidlStructField*/{.type=NULL, .padding_offset=4u, .padding=4u},
    /*FidlStructField*/{.type=&test_fidl_unionsandwich_UnionSize8Alignment4Table, .offset=8u, .padding=0u},
    /*FidlStructField*/{.type=NULL, .padding_offset=36u, .padding=4u}
};
const fidl_type_t test_fidl_unionsandwich_SandwichUnionSize8Alignment4Table = {.type_tag=kFidlTypeStruct, {.coded_struct={.fields=Fields52test_fidl_unionsandwich_SandwichUnionSize8Alignment4, .field_count=3u, .size=40u, .name="test.fidl.unionsandwich/SandwichUnionSize8Alignment4"}}};

static const struct FidlXUnionField Fields45test_fidl_unionsandwich_UnionSize36Alignment4[] = {
    /*FidlXUnionField*/{.type=&Array32_5uint8Table, .ordinal=1u}
};
const fidl_type_t test_fidl_unionsandwich_UnionSize36Alignment4Table = {.type_tag=kFidlTypeXUnion, {.coded_xunion={.field_count=1u, .fields=Fields45test_fidl_unionsandwich_UnionSize36Alignment4, .nullable=kFidlNullability_Nonnullable, .name="test.fidl.unionsandwich/UnionSize36Alignment4", .strictness=kFidlStrictness_Strict}}};
static const struct FidlXUnionField Fields56test_fidl_unionsandwich_UnionSize36Alignment4NullableRef[] = {
    /*FidlXUnionField*/{.type=&Array32_5uint8Table, .ordinal=1u}
};
const fidl_type_t test_fidl_unionsandwich_UnionSize36Alignment4NullableRefTable = {.type_tag=kFidlTypeXUnion, {.coded_xunion={.field_count=1u, .fields=Fields56test_fidl_unionsandwich_UnionSize36Alignment4NullableRef, .nullable=kFidlNullability_Nullable, .name="test.fidl.unionsandwich/UnionSize36Alignment4", .strictness=kFidlStrictness_Strict}}};
static const struct FidlStructField Fields53test_fidl_unionsandwich_SandwichUnionSize36Alignment4[] = {
    /*FidlStructField*/{.type=NULL, .padding_offset=4u, .padding=4u},
    /*FidlStructField*/{.type=&test_fidl_unionsandwich_UnionSize36Alignment4Table, .offset=8u, .padding=0u},
    /*FidlStructField*/{.type=NULL, .padding_offset=36u, .padding=4u}
};
const fidl_type_t test_fidl_unionsandwich_SandwichUnionSize36Alignment4Table = {.type_tag=kFidlTypeStruct, {.coded_struct={.fields=Fields53test_fidl_unionsandwich_SandwichUnionSize36Alignment4, .field_count=3u, .size=40u, .name="test.fidl.unionsandwich/SandwichUnionSize36Alignment4"}}};

static const struct FidlXUnionField Fields45test_fidl_unionsandwich_UnionSize12Alignment4[] = {
    /*FidlXUnionField*/{.type=&Array6_5uint8Table, .ordinal=1u}
};
const fidl_type_t test_fidl_unionsandwich_UnionSize12Alignment4Table = {.type_tag=kFidlTypeXUnion, {.coded_xunion={.field_count=1u, .fields=Fields45test_fidl_unionsandwich_UnionSize12Alignment4, .nullable=kFidlNullability_Nonnullable, .name="test.fidl.unionsandwich/UnionSize12Alignment4", .strictness=kFidlStrictness_Strict}}};
static const struct FidlXUnionField Fields56test_fidl_unionsandwich_UnionSize12Alignment4NullableRef[] = {
    /*FidlXUnionField*/{.type=&Array6_5uint8Table, .ordinal=1u}
};
const fidl_type_t test_fidl_unionsandwich_UnionSize12Alignment4NullableRefTable = {.type_tag=kFidlTypeXUnion, {.coded_xunion={.field_count=1u, .fields=Fields56test_fidl_unionsandwich_UnionSize12Alignment4NullableRef, .nullable=kFidlNullability_Nullable, .name="test.fidl.unionsandwich/UnionSize12Alignment4", .strictness=kFidlStrictness_Strict}}};
static const struct FidlStructField Fields53test_fidl_unionsandwich_SandwichUnionSize12Alignment4[] = {
    /*FidlStructField*/{.type=NULL, .padding_offset=4u, .padding=4u},
    /*FidlStructField*/{.type=&test_fidl_unionsandwich_UnionSize12Alignment4Table, .offset=8u, .padding=0u},
    /*FidlStructField*/{.type=NULL, .padding_offset=36u, .padding=4u}
};
const fidl_type_t test_fidl_unionsandwich_SandwichUnionSize12Alignment4Table = {.type_tag=kFidlTypeStruct, {.coded_struct={.fields=Fields53test_fidl_unionsandwich_SandwichUnionSize12Alignment4, .field_count=3u, .size=40u, .name="test.fidl.unionsandwich/SandwichUnionSize12Alignment4"}}};

static const struct FidlStructField Fields46test_fidl_unionsandwich_StructSize16Alignment8[] = {
    /*FidlStructField*/{.type=NULL, .padding_offset=8u, .padding=0u},
    /*FidlStructField*/{.type=NULL, .padding_offset=16u, .padding=0u}
};
const fidl_type_t test_fidl_unionsandwich_StructSize16Alignment8Table = {.type_tag=kFidlTypeStruct, {.coded_struct={.fields=Fields46test_fidl_unionsandwich_StructSize16Alignment8, .field_count=2u, .size=16u, .name="test.fidl.unionsandwich/StructSize16Alignment8"}}};

static const struct FidlXUnionField Fields45test_fidl_unionsandwich_UnionSize24Alignment8[] = {
    /*FidlXUnionField*/{.type=&test_fidl_unionsandwich_StructSize16Alignment8Table, .ordinal=1u}
};
const fidl_type_t test_fidl_unionsandwich_UnionSize24Alignment8Table = {.type_tag=kFidlTypeXUnion, {.coded_xunion={.field_count=1u, .fields=Fields45test_fidl_unionsandwich_UnionSize24Alignment8, .nullable=kFidlNullability_Nonnullable, .name="test.fidl.unionsandwich/UnionSize24Alignment8", .strictness=kFidlStrictness_Strict}}};
static const struct FidlXUnionField Fields56test_fidl_unionsandwich_UnionSize24Alignment8NullableRef[] = {
    /*FidlXUnionField*/{.type=&test_fidl_unionsandwich_StructSize16Alignment8Table, .ordinal=1u}
};
const fidl_type_t test_fidl_unionsandwich_UnionSize24Alignment8NullableRefTable = {.type_tag=kFidlTypeXUnion, {.coded_xunion={.field_count=1u, .fields=Fields56test_fidl_unionsandwich_UnionSize24Alignment8NullableRef, .nullable=kFidlNullability_Nullable, .name="test.fidl.unionsandwich/UnionSize24Alignment8", .strictness=kFidlStrictness_Strict}}};
static const struct FidlStructField Fields53test_fidl_unionsandwich_SandwichUnionSize24Alignment8[] = {
    /*FidlStructField*/{.type=NULL, .padding_offset=4u, .padding=4u},
    /*FidlStructField*/{.type=&test_fidl_unionsandwich_UnionSize24Alignment8Table, .offset=8u, .padding=0u},
    /*FidlStructField*/{.type=NULL, .padding_offset=36u, .padding=4u}
};
const fidl_type_t test_fidl_unionsandwich_SandwichUnionSize24Alignment8Table = {.type_tag=kFidlTypeStruct, {.coded_struct={.fields=Fields53test_fidl_unionsandwich_SandwichUnionSize24Alignment8, .field_count=3u, .size=40u, .name="test.fidl.unionsandwich/SandwichUnionSize24Alignment8"}}};

